I'm sorry, but errors were detected in your script. Please correct the
errors listed below, and try again.


File "game/script.rpy", line 61: Line is indented, but the preceding say statement statement does not expect a block. Please check this line's indentation. You may have forgotten a colon (:).
    scene black with dissolve
    ^

Ren'Py Version: Ren'Py 8.3.0.24082114
Fri Sep 13 00:18:01 2024
